// Vitest Snapshot v1, https://vitest.dev/guide/snapshot.html

exports[`Should render Packages component correctly 1`] = `
<div>
  <div
    class="wrap"
  >
    <div
      class="destinations"
    >
      <div>
        <h1
          class="destinations-heading"
        >
          TOUR DESTINATIONS
        </h1>
        <p
          class="destinations-sub-heading"
        >
          Please select a tour destination
        </p>
        <p
          class="destinations-line"
        >
          ------------------------
        </p>
        <div
          class="input-container"
        >
          <input
            class="destinations-search"
            placeholder="Search by destination name"
            type="text"
            value=""
          />
        </div>
      </div>
      <div
        class="destinations-list"
      >
        <button
          class="swipe-btn-1"
          type="button"
        >
          <img
            alt="slide"
            class="slide-button"
            src="data:image/png;base64,iVBORw0KGgoAAAANSUhEUgAAABgAAAAYCAYAAADgdz34AAAAAXNSR0IArs4c6QAAAP5JREFUSEu1lt0RgkAMhHc7sRSpRK1ErEQ7kVLsJM4yd048TwZyBy+8MPk2mz+InR/uHB/NADM7ALhLKMmhFNwEMLMrgDEHJfkTLwRwqo9ecRdAofoF4ALgmSyKZ1BR/SCp4DAzawKYmayYVQKYVZOcsj1hQFKtQp5TsKnWKSFAoVrxR5K32txsBlQKOZCUNdVnE8DM5HVuv7+qPSkKkGJ1StWWFoBG/+QmVKB+FrnWE0h26b2YzSaLitTLbNT7moGvgocBLhvNgeahmk0zIK2DMptPh3UBuGz8iu637Cq10ZHpv66LLvPtrIsWX9cLa2K/k7nmhyF0MtcEzt+8AYK6lxmyTtQQAAAAAElFTkSuQmCC"
          />
        </button>
        <div
          class="swiper swiper-initialized swiper-horizontal"
        >
          <div
            class="swiper-wrapper"
            style="transition-duration: 0ms; transform: translate3d(NaNpx, 0px, 0px);"
          />
        </div>
        <button
          class="swipe-btn-2"
          type="button"
        >
          <img
            alt="slide"
            class="slide-button"
            src="data:image/png;base64,iVBORw0KGgoAAAANSUhEUgAAABgAAAAYCAYAAADgdz34AAAAAXNSR0IArs4c6QAAAO9JREFUSEu1ltENwjAQQ+1NYBOYBDoJZRLYhI7STYwsJShSmyZNyX2icu9sX08lOhc798cqQNILwAXAleR8ZIgcQKGpm79JPlshJUDsa1CTmhLgDOAD4ASgSc0mgCQlufkNwBjkTACG2myKgOiRpDuAx1411QCDVtSMpQXYBUjUWEm0zNnYMlu3qCZAoia+L/5pVU0zIGPZTNKb96tDgABJ7ZpIXv8CCIH3sUhSn5BXpvadGrbuVHUGknxdfTZcm6u5K4MwtS3xm+xaBNmswBc0mTq760cA3c9109Q1GcT9zt6YLVuKgNo/1zzX/aviCyWOnxkFdwrCAAAAAElFTkSuQmCC"
          />
        </button>
      </div>
    </div>
  </div>
</div>
`;
