// Vitest Snapshot v1, https://vitest.dev/guide/snapshot.html

exports[`Should render Login component correctly 1`] = `
<div>
  <div
    class="auth-body"
  >
    <div
      class="login-container"
    >
      <h2
        class="login-title"
      >
        Login
      </h2>
      <form>
        <div
          class="form-group"
        >
          <input
            class="input-field"
            id="username"
            name="username"
            placeholder="Username"
            type="text"
            value=""
          />
        </div>
        <div
          class="form-group"
        >
          <input
            class="input-field"
            id="email"
            name="email"
            placeholder="email"
            type="email"
            value=""
          />
        </div>
        <div
          class="form-group"
        >
          <input
            class="input-field"
            id="password"
            name="password"
            placeholder="Password"
            type="password"
            value=""
          />
        </div>
        <div
          class="form-group"
        >
          <button
            class="submit-button"
            type="submit"
          >
            Log In
          </button>
        </div>
      </form>
      <div>
        <a
          class="registration"
          href="/registration"
        >
          Register
        </a>
      </div>
    </div>
  </div>
</div>
`;
